09:59:22 **** Build of project TestProject_bsp ****
make -k all 
libgen -hw ../lab2_hw_platform/system.xml\
       \
       -pe microblaze_0 \
       -log libgen.log \
       system.mss
libgen
Xilinx EDK 14.7 Build EDK_P.20131013
Copyright (c) 1995-2012 Xilinx, Inc.  All rights reserved.

Command Line: libgen -hw ../lab2_hw_platform/system.xml -pe microblaze_0 -log
libgen.log system.mss 


Staging source files.
Running DRCs.
Running generate.
Running post_generate.
Running include - 'gmake -s include "COMPILER=mb-gcc" "ARCHIVER=mb-ar"
"COMPILER_FLAGS=-mno-xl-soft-mul -mxl-barrel-shift -mxl-pattern-compare
-mcpu=v8.50.c  -O2 -c" "EXTRA_COMPILER_FLAGS=-g -ffunction-sections
-fdata-sections"'.

Running libs - 'gmake -s libs "COMPILER=mb-gcc" "ARCHIVER=mb-ar"
"COMPILER_FLAGS=-mno-xl-soft-mul -mxl-barrel-shift -mxl-pattern-compare
-mcpu=v8.50.c  -O2 -c" "EXTRA_COMPILER_FLAGS=-g -ffunction-sections
-fdata-sections"'.
Compiling common
Compiling lldma
Compiling standalone
Compiling mpmc
Compiling gpio
Compiling bram
Compiling uartlite
Compiling cpu
Running execs_generate.
Finished building libraries

**** Build of configuration Debug for project TestProject ****

Nothing to build for project TestProject
10:00:33 **** Auto Build of configuration Debug for project TestProject ****
make all 
Building file: ../src/lab2.c
Invoking: MicroBlaze gcc compiler
mb-gcc -Wall -O0 -g3 -c -fmessage-length=0 -I../../TestProject_bsp/microblaze_0/include -mxl-barrel-shift -mxl-pattern-compare -mcpu=v8.50.c -mno-xl-soft-mul -Wl,--no-relax -ffunction-sections -fdata-sections -MMD -MP -MF"src/lab2.d" -MT"src/lab2.d" -o "src/lab2.o" "../src/lab2.c"
/opt/Xilinx/14.7/ISE_DS/EDK/gnu/microblaze/lin/bin/../lib/gcc/microblaze-xilinx-elf/4.6.4/../../../../microblaze-xilinx-elf/lib/bs/m/crtinit.o: In function `_crtinit':
(.text+0x78): undefined reference to `main'
Finished building: ../src/lab2.c
 
collect2: ld returned 1 exit status
Building target: TestProject.elf
Invoking: MicroBlaze gcc linker
mb-gcc -Wl,-T -Wl,../src/lscript.ld -L../../TestProject_bsp/microblaze_0/lib -mxl-barrel-shift -mxl-pattern-compare -mcpu=v8.50.c -mno-xl-soft-mul -Wl,--no-relax -Wl,--gc-sections -o "TestProject.elf" ./src/lab2.o   -Wl,--start-group,-lxil,-lgcc,-lc,--end-group
make: *** [makefile:41: TestProject.elf] Error 1
10:00:46 **** Auto Build of configuration Debug for project TestProject ****
make all 
Building file: ../src/lab2.c
Invoking: MicroBlaze gcc compiler
mb-gcc -Wall -O0 -g3 -c -fmessage-length=0 -I../../TestProject_bsp/microblaze_0/include -mxl-barrel-shift -mxl-pattern-compare -mcpu=v8.50.c -mno-xl-soft-mul -Wl,--no-relax -ffunction-sections -fdata-sections -MMD -MP -MF"src/lab2.d" -MT"src/lab2.d" -o "src/lab2.o" "../src/lab2.c"
Finished building: ../src/lab2.c
 
Building target: TestProject.elf
Invoking: MicroBlaze gcc linker
mb-gcc -Wl,-T -Wl,../src/lscript.ld -L../../TestProject_bsp/microblaze_0/lib -mxl-barrel-shift -mxl-pattern-compare -mcpu=v8.50.c -mno-xl-soft-mul -Wl,--no-relax -Wl,--gc-sections -o "TestProject.elf" ./src/lab2.o   -Wl,--start-group,-lxil,-lgcc,-lc,--end-group
Finished building target: TestProject.elf
 
Invoking: MicroBlaze Print Size
mb-size TestProject.elf  |tee "TestProject.elf.size"
   text	   data	    bss	    dec	    hex	filename
   5958	    324	   2092	   8374	   20b6	TestProject.elf
Finished building: TestProject.elf.size
 
Invoking: Xilinx ELF Check
elfcheck TestProject.elf -hw ../../lab2_hw_platform/system.xml -pe microblaze_0  |tee "TestProject.elf.elfcheck"
elfcheck
Xilinx EDK 14.7 Build EDK_P.20131013
Copyright (c) 1995-2012 Xilinx, Inc.  All rights reserved.

Command Line: elfcheck -hw ../../lab2_hw_platform/system.xml -pe microblaze_0
TestProject.elf 

ELF file	: TestProject.elf
elfcheck passed.
Finished building: TestProject.elf.elfcheck
 
10:01:15 **** Clean-only build of configuration Debug for project TestProject ****
make clean 
rm -rf ./src/lab2.o ./src/lab2.d TestProject.elf.size TestProject.elf.elfcheck  TestProject.elf
 
10:01:15 **** Auto Build of configuration Debug for project TestProject ****
make all 
Building file: ../src/lab2.c
Invoking: MicroBlaze gcc compiler
mb-gcc -Wall -O0 -g3 -c -fmessage-length=0 -I../../TestProject_bsp/microblaze_0/include -mxl-barrel-shift -mxl-pattern-compare -mcpu=v8.50.c -mno-xl-soft-mul -Wl,--no-relax -ffunction-sections -fdata-sections -MMD -MP -MF"src/lab2.d" -MT"src/lab2.d" -o "src/lab2.o" "../src/lab2.c"
Finished building: ../src/lab2.c
 
Building target: TestProject.elf
Invoking: MicroBlaze gcc linker
mb-gcc -Wl,-T -Wl,../src/lscript.ld -L../../TestProject_bsp/microblaze_0/lib -mxl-barrel-shift -mxl-pattern-compare -mcpu=v8.50.c -mno-xl-soft-mul -Wl,--no-relax -Wl,--gc-sections -o "TestProject.elf" ./src/lab2.o   -Wl,--start-group,-lxil,-lgcc,-lc,--end-group
Finished building target: TestProject.elf
 
Invoking: MicroBlaze Print Size
mb-size TestProject.elf  |tee "TestProject.elf.size"
   text	   data	    bss	    dec	    hex	filename
   5958	    324	   2092	   8374	   20b6	TestProject.elf
Finished building: TestProject.elf.size
 
Invoking: Xilinx ELF Check
elfcheck TestProject.elf -hw ../../lab2_hw_platform/system.xml -pe microblaze_0  |tee "TestProject.elf.elfcheck"
elfcheck
Xilinx EDK 14.7 Build EDK_P.20131013
Copyright (c) 1995-2012 Xilinx, Inc.  All rights reserved.

Command Line: elfcheck -hw ../../lab2_hw_platform/system.xml -pe microblaze_0
TestProject.elf 

ELF file	: TestProject.elf
elfcheck passed.
Finished building: TestProject.elf.elfcheck
 
10:02:54 **** Clean-only build of configuration Debug for project TestProject ****
make clean 
rm -rf ./src/lab2.o ./src/lab2.d TestProject.elf.size TestProject.elf.elfcheck  TestProject.elf
 
10:02:54 **** Auto Build of configuration Debug for project TestProject ****
make all 
Building file: ../src/lab2.c
Invoking: MicroBlaze gcc compiler
mb-gcc -Wall -O0 -g3 -c -fmessage-length=0 -I../../TestProject_bsp/microblaze_0/include -mxl-barrel-shift -mxl-pattern-compare -mcpu=v8.50.c -mno-xl-soft-mul -Wl,--no-relax -ffunction-sections -fdata-sections -MMD -MP -MF"src/lab2.d" -MT"src/lab2.d" -o "src/lab2.o" "../src/lab2.c"
Finished building: ../src/lab2.c
 
Building target: TestProject.elf
Invoking: MicroBlaze gcc linker
mb-gcc -Wl,-T -Wl,../src/lscript.ld -L../../TestProject_bsp/microblaze_0/lib -mxl-barrel-shift -mxl-pattern-compare -mcpu=v8.50.c -mno-xl-soft-mul -Wl,--no-relax -Wl,--gc-sections -o "TestProject.elf" ./src/lab2.o   -Wl,--start-group,-lxil,-lgcc,-lc,--end-group
Finished building target: TestProject.elf
 
Invoking: MicroBlaze Print Size
mb-size TestProject.elf  |tee "TestProject.elf.size"
   text	   data	    bss	    dec	    hex	filename
   5958	    324	    844	   7126	   1bd6	TestProject.elf
Finished building: TestProject.elf.size
 
Invoking: Xilinx ELF Check
elfcheck TestProject.elf -hw ../../lab2_hw_platform/system.xml -pe microblaze_0  |tee "TestProject.elf.elfcheck"
elfcheck
Xilinx EDK 14.7 Build EDK_P.20131013
Copyright (c) 1995-2012 Xilinx, Inc.  All rights reserved.

Command Line: elfcheck -hw ../../lab2_hw_platform/system.xml -pe microblaze_0
TestProject.elf 

ELF file	: TestProject.elf
elfcheck passed.
Finished building: TestProject.elf.elfcheck
 
10:03:09 **** Auto Build of project TestProject_bsp ****
make -k all 
Finished building libraries
