10:02:54 **** Auto Build of configuration Debug for project TestProject ****
make all 
Building file: ../src/lab2.c
Invoking: MicroBlaze gcc compiler
mb-gcc -Wall -O0 -g3 -c -fmessage-length=0 -I../../TestProject_bsp/microblaze_0/include -mxl-barrel-shift -mxl-pattern-compare -mcpu=v8.50.c -mno-xl-soft-mul -Wl,--no-relax -ffunction-sections -fdata-sections -MMD -MP -MF"src/lab2.d" -MT"src/lab2.d" -o "src/lab2.o" "../src/lab2.c"
Finished building: ../src/lab2.c
 
Building target: TestProject.elf
Invoking: MicroBlaze gcc linker
mb-gcc -Wl,-T -Wl,../src/lscript.ld -L../../TestProject_bsp/microblaze_0/lib -mxl-barrel-shift -mxl-pattern-compare -mcpu=v8.50.c -mno-xl-soft-mul -Wl,--no-relax -Wl,--gc-sections -o "TestProject.elf" ./src/lab2.o   -Wl,--start-group,-lxil,-lgcc,-lc,--end-group
Finished building target: TestProject.elf
 
Invoking: MicroBlaze Print Size
mb-size TestProject.elf  |tee "TestProject.elf.size"
   text	   data	    bss	    dec	    hex	filename
   5958	    324	    844	   7126	   1bd6	TestProject.elf
Finished building: TestProject.elf.size
 
Invoking: Xilinx ELF Check
elfcheck TestProject.elf -hw ../../lab2_hw_platform/system.xml -pe microblaze_0  |tee "TestProject.elf.elfcheck"
elfcheck
Xilinx EDK 14.7 Build EDK_P.20131013
Copyright (c) 1995-2012 Xilinx, Inc.  All rights reserved.

Command Line: elfcheck -hw ../../lab2_hw_platform/system.xml -pe microblaze_0
TestProject.elf 

ELF file	: TestProject.elf
elfcheck passed.
Finished building: TestProject.elf.elfcheck
 

10:02:55 Build Finished (took 1s.61ms)

