EN io_port NULL /home/leon/Documents/Code/sistemas-empotrados-S6/ISE/pb3-tarea4/io_port.vhd sub00/vhpl04 1707766572
AR spi_interface behavioral /home/leon/Documents/Code/sistemas-empotrados-S6/ISE/pb3-tarea4/SPI_INTERFACE.vhd sub00/vhpl01 1707766580
AR register_merger behavioral /home/leon/Documents/Code/sistemas-empotrados-S6/ISE/pb3-tarea4/register_merger.vhd sub00/vhpl12 1707766578
AR todo behavioral /home/leon/Documents/Code/sistemas-empotrados-S6/ISE/pb3-tarea4/todo.vhf sub00/vhpl07 1707766582
EN program NULL /home/leon/Documents/Code/sistemas-empotrados-S6/ISE/pb3-tarea4/program.vhdl sub00/vhpl09 1707766575
AR io_port behavioral /home/leon/Documents/Code/sistemas-empotrados-S6/ISE/pb3-tarea4/io_port.vhd sub00/vhpl05 1707766573
EN register_merger NULL /home/leon/Documents/Code/sistemas-empotrados-S6/ISE/pb3-tarea4/register_merger.vhd sub00/vhpl11 1707766577
PH program_pkg NULL /home/leon/Documents/Code/sistemas-empotrados-S6/ISE/pb3-tarea4/program.vhdl sub00/vhpl08 1707766574
EN kcpsm3 NULL /home/leon/Documents/Code/sistemas-empotrados-S6/ISE/pb3-tarea4/kcpsm3.vhd sub00/vhpl02 1707766570
EN todo NULL /home/leon/Documents/Code/sistemas-empotrados-S6/ISE/pb3-tarea4/todo.vhf sub00/vhpl06 1707766581
EN spi_interface NULL /home/leon/Documents/Code/sistemas-empotrados-S6/ISE/pb3-tarea4/SPI_INTERFACE.vhd sub00/vhpl00 1707766579
AR program structure /home/leon/Documents/Code/sistemas-empotrados-S6/ISE/pb3-tarea4/program.vhdl sub00/vhpl10 1707766576
AR kcpsm3 low_level_definition /home/leon/Documents/Code/sistemas-empotrados-S6/ISE/pb3-tarea4/kcpsm3.vhd sub00/vhpl03 1707766571
