EN io_port NULL /home/leon/Documents/Code/sistemas-empotrados-S6/ISE/pb3-tarea4/io_port.vhd sub00/vhpl04 1707601659
AR spi_interface behavioral /home/leon/Documents/Code/sistemas-empotrados-S6/ISE/pb3-tarea4/SPI_INTERFACE.vhd sub00/vhpl01 1707601665
AR todo behavioral /home/leon/Documents/Code/sistemas-empotrados-S6/ISE/pb3-tarea4/todo.vhf sub00/vhpl07 1707601667
EN program NULL /home/leon/Documents/Code/sistemas-empotrados-S6/ISE/pb3-tarea4/program.vhdl sub00/vhpl09 1707601662
AR io_port behavioral /home/leon/Documents/Code/sistemas-empotrados-S6/ISE/pb3-tarea4/io_port.vhd sub00/vhpl05 1707601660
PH program_pkg NULL /home/leon/Documents/Code/sistemas-empotrados-S6/ISE/pb3-tarea4/program.vhdl sub00/vhpl08 1707601661
EN kcpsm3 NULL /home/leon/Documents/Code/sistemas-empotrados-S6/ISE/pb3-tarea4/kcpsm3.vhd sub00/vhpl02 1707601657
EN todo NULL /home/leon/Documents/Code/sistemas-empotrados-S6/ISE/pb3-tarea4/todo.vhf sub00/vhpl06 1707601666
EN spi_interface NULL /home/leon/Documents/Code/sistemas-empotrados-S6/ISE/pb3-tarea4/SPI_INTERFACE.vhd sub00/vhpl00 1707601664
AR program structure /home/leon/Documents/Code/sistemas-empotrados-S6/ISE/pb3-tarea4/program.vhdl sub00/vhpl10 1707601663
AR kcpsm3 low_level_definition /home/leon/Documents/Code/sistemas-empotrados-S6/ISE/pb3-tarea4/kcpsm3.vhd sub00/vhpl03 1707601658
