V3 50
FL /home/leon/Documents/Code/sistemas-empotrados-S6/ISE/pb3-tarea4/io_port.vhd 2024/01/22.20:43:37 P.20131013
EN work/io_port 1708956032 \
      FL /home/leon/Documents/Code/sistemas-empotrados-S6/ISE/pb3-tarea4/io_port.vhd \
      PB ieee/std_logic_1164 1381692176
AR work/io_port/Behavioral 1708956033 \
      FL /home/leon/Documents/Code/sistemas-empotrados-S6/ISE/pb3-tarea4/io_port.vhd \
      EN work/io_port 1708956032
FL /home/leon/Documents/Code/sistemas-empotrados-S6/ISE/pb3-tarea4/kcpsm3.vhd 2024/01/22.14:05:00 P.20131013
EN work/kcpsm3 1708956030 \
      FL /home/leon/Documents/Code/sistemas-empotrados-S6/ISE/pb3-tarea4/kcpsm3.vhd \
      PB ieee/std_logic_1164 1381692176 PB ieee/std_logic_arith 1381692177 \
      PB ieee/STD_LOGIC_UNSIGNED 1381692179 LB UNISIM PH unisim/VCOMPONENTS 1381692182
AR work/kcpsm3/low_level_definition 1708956031 \
      FL /home/leon/Documents/Code/sistemas-empotrados-S6/ISE/pb3-tarea4/kcpsm3.vhd \
      EN work/kcpsm3 1708956030 CP LUT1 CP FDR CP FDS CP LUT4 CP FD CP FDE CP LUT3 \
      CP FDRE CP LUT2 CP MUXCY CP XORCY CP INV CP string CP label CP FDRSE CP RAM16X1D \
      CP RAM64X1S CP MUXF5 CP RAM32X1S
FL /home/leon/Documents/Code/sistemas-empotrados-S6/ISE/pb3-tarea4/program.vhdl 2024/02/26.07:28:08 P.20131013
PH work/program_pkg 1708956034 \
      FL /home/leon/Documents/Code/sistemas-empotrados-S6/ISE/pb3-tarea4/program.vhdl \
      PB ieee/std_logic_1164 1381692176 CD program
EN work/program 1708956035 \
      FL /home/leon/Documents/Code/sistemas-empotrados-S6/ISE/pb3-tarea4/program.vhdl \
      PB ieee/std_logic_1164 1381692176 LB UNISIM PH unisim/VCOMPONENTS 1381692182
AR work/program/structure 1708956036 \
      FL /home/leon/Documents/Code/sistemas-empotrados-S6/ISE/pb3-tarea4/program.vhdl \
      EN work/program 1708956035 CP RAMB16_S18
FL /home/leon/Documents/Code/sistemas-empotrados-S6/ISE/pb3-tarea4/register_merger.vhd 2024/02/24.19:43:45 P.20131013
EN work/register_merger 1708956037 \
      FL /home/leon/Documents/Code/sistemas-empotrados-S6/ISE/pb3-tarea4/register_merger.vhd \
      PB ieee/std_logic_1164 1381692176
AR work/register_merger/Behavioral 1708956038 \
      FL /home/leon/Documents/Code/sistemas-empotrados-S6/ISE/pb3-tarea4/register_merger.vhd \
      EN work/register_merger 1708956037
FL /home/leon/Documents/Code/sistemas-empotrados-S6/ISE/pb3-tarea4/spioff.vhd 2024/02/26.07:39:47 P.20131013
EN work/spioff 1708956041 \
      FL /home/leon/Documents/Code/sistemas-empotrados-S6/ISE/pb3-tarea4/spioff.vhd \
      PB ieee/std_logic_1164 1381692176
AR work/spioff/Behavioral 1708956042 \
      FL /home/leon/Documents/Code/sistemas-empotrados-S6/ISE/pb3-tarea4/spioff.vhd \
      EN work/spioff 1708956041
FL /home/leon/Documents/Code/sistemas-empotrados-S6/ISE/pb3-tarea4/SPI_INTERFACE.vhd 2024/02/26.08:00:10 P.20131013
EN work/SPI_INTERFACE 1708956039 \
      FL /home/leon/Documents/Code/sistemas-empotrados-S6/ISE/pb3-tarea4/SPI_INTERFACE.vhd \
      PB ieee/std_logic_1164 1381692176 PB ieee/NUMERIC_STD 1381692181
AR work/SPI_INTERFACE/Behavioral 1708956040 \
      FL /home/leon/Documents/Code/sistemas-empotrados-S6/ISE/pb3-tarea4/SPI_INTERFACE.vhd \
      EN work/SPI_INTERFACE 1708956039
FL /home/leon/Documents/Code/sistemas-empotrados-S6/ISE/pb3-tarea4/todo.vhf 2024/02/26.07:44:16 P.20131013
EN work/todo 1708956043 \
      FL /home/leon/Documents/Code/sistemas-empotrados-S6/ISE/pb3-tarea4/todo.vhf \
      PB ieee/std_logic_1164 1381692176 PB ieee/NUMERIC_STD 1381692181 LB UNISIM \
      PH unisim/VCOMPONENTS 1381692182
AR work/todo/BEHAVIORAL 1708956044 \
      FL /home/leon/Documents/Code/sistemas-empotrados-S6/ISE/pb3-tarea4/todo.vhf \
      EN work/todo 1708956043 CP kcpsm3 CP io_port CP program CP register_merger \
      CP SPI_INTERFACE CP FD CP spioff
