15:01:21 **** Build of project TestApp_bsp ****
make -k all 
libgen -hw ../lab3_hw_platform/system.xml\
       \
       -pe microblaze_0 \
       -log libgen.log \
       system.mss
libgen
Xilinx EDK 14.7 Build EDK_P.20131013
Copyright (c) 1995-2012 Xilinx, Inc.  All rights reserved.

Command Line: libgen -hw ../lab3_hw_platform/system.xml -pe microblaze_0 -log
libgen.log system.mss 


Staging source files.
Running DRCs.
Running generate.
Running post_generate.
Running include - 'gmake -s include "COMPILER=mb-gcc" "ARCHIVER=mb-ar"
"COMPILER_FLAGS=-mno-xl-soft-mul -mxl-barrel-shift -mxl-pattern-compare
-mcpu=v8.50.c  -O2 -c" "EXTRA_COMPILER_FLAGS=-g -ffunction-sections
-fdata-sections"'.

Running libs - 'gmake -s libs "COMPILER=mb-gcc" "ARCHIVER=mb-ar"
"COMPILER_FLAGS=-mno-xl-soft-mul -mxl-barrel-shift -mxl-pattern-compare
-mcpu=v8.50.c  -O2 -c" "EXTRA_COMPILER_FLAGS=-g -ffunction-sections
-fdata-sections"'.
Compiling common
Compiling lldma
Compiling standalone
Compiling mpmc
Compiling gpio
Compiling bram
Compiling uartlite
Compiling cpu
Running execs_generate.
Finished building libraries

**** Build of configuration Debug for project TestApp ****

Nothing to build for project TestApp
15:01:32 **** Auto Build of configuration Debug for project TestApp ****
make all 
Building file: ../src/lab3.c
Invoking: MicroBlaze gcc compiler
mb-gcc -Wall -O0 -g3 -c -fmessage-length=0 -I../../TestApp_bsp/microblaze_0/include -mxl-barrel-shift -mxl-pattern-compare -mcpu=v8.50.c -mno-xl-soft-mul -Wl,--no-relax -ffunction-sections -fdata-sections -MMD -MP -MF"src/lab3.d" -MT"src/lab3.d" -o "src/lab3.o" "../src/lab3.c"
Finished building: ../src/lab3.c
 
Building target: TestApp.elf
Invoking: MicroBlaze gcc linker
mb-gcc -Wl,-T -Wl,../src/lscript.ld -L../../TestApp_bsp/microblaze_0/lib -mxl-barrel-shift -mxl-pattern-compare -mcpu=v8.50.c -mno-xl-soft-mul -Wl,--no-relax -Wl,--gc-sections -o "TestApp.elf" ./src/lab3.o   -Wl,--start-group,-lxil,-lgcc,-lc,--end-group
/opt/Xilinx/14.7/ISE_DS/EDK/gnu/microblaze/lin/bin/../lib/gcc/microblaze-xilinx-elf/4.6.4/../../../../microblaze-xilinx-elf/lib/bs/m/crtinit.o: In function `_crtinit':
(.text+0x78): undefined reference to `main'
collect2: ld returned 1 exit status
make: *** [makefile:41: TestApp.elf] Error 1
15:02:44 **** Auto Build of configuration Debug for project TestApp ****
make all 
Building file: ../src/lab3.c
Invoking: MicroBlaze gcc compiler
mb-gcc -Wall -O0 -g3 -c -fmessage-length=0 -I../../TestApp_bsp/microblaze_0/include -mxl-barrel-shift -mxl-pattern-compare -mcpu=v8.50.c -mno-xl-soft-mul -Wl,--no-relax -ffunction-sections -fdata-sections -MMD -MP -MF"src/lab3.d" -MT"src/lab3.d" -o "src/lab3.o" "../src/lab3.c"
../src/lab3.c:260:1: warning: return type defaults to 'int' [-Wreturn-type]
../src/lab3.c: In function 'main':
../src/lab3.c:285:2: warning: implicit declaration of function 'exit' [-Wimplicit-function-declaration]
Finished building: ../src/lab3.c
../src/lab3.c:285:2: warning: incompatible implicit declaration of built-in function 'exit' [enabled by default]
 
Building target: TestApp.elf
Invoking: MicroBlaze gcc linker
mb-gcc -Wl,-T -Wl,../src/lscript.ld -L../../TestApp_bsp/microblaze_0/lib -mxl-barrel-shift -mxl-pattern-compare -mcpu=v8.50.c -mno-xl-soft-mul -Wl,--no-relax -Wl,--gc-sections -o "TestApp.elf" ./src/lab3.o   -Wl,--start-group,-lxil,-lgcc,-lc,--end-group
Finished building target: TestApp.elf
 
Invoking: MicroBlaze Print Size
mb-size TestApp.elf  |tee "TestApp.elf.size"
   text	   data	    bss	    dec	    hex	filename
   6978	    292	   2090	   9360	   2490	TestApp.elf
Finished building: TestApp.elf.size
 
Invoking: Xilinx ELF Check
elfcheck TestApp.elf -hw ../../lab3_hw_platform/system.xml -pe microblaze_0  |tee "TestApp.elf.elfcheck"
elfcheck
Xilinx EDK 14.7 Build EDK_P.20131013
Copyright (c) 1995-2012 Xilinx, Inc.  All rights reserved.

Command Line: elfcheck -hw ../../lab3_hw_platform/system.xml -pe microblaze_0
TestApp.elf 

ELF file	: TestApp.elf
elfcheck passed.
Finished building: TestApp.elf.elfcheck
 
15:03:29 **** Clean-only build of configuration Debug for project TestApp ****
make clean 
rm -rf ./src/lab3.o ./src/lab3.d TestApp.elf.size TestApp.elf.elfcheck  TestApp.elf
 
15:03:30 **** Auto Build of configuration Debug for project TestApp ****
make all 
Building file: ../src/lab3.c
Invoking: MicroBlaze gcc compiler
mb-gcc -Wall -O0 -g3 -c -fmessage-length=0 -I../../TestApp_bsp/microblaze_0/include -mxl-barrel-shift -mxl-pattern-compare -mcpu=v8.50.c -mno-xl-soft-mul -Wl,--no-relax -ffunction-sections -fdata-sections -MMD -MP -MF"src/lab3.d" -MT"src/lab3.d" -o "src/lab3.o" "../src/lab3.c"
../src/lab3.c:260:1: warning: return type defaults to 'int' [-Wreturn-type]
../src/lab3.c: In function 'main':
../src/lab3.c:285:2: warning: implicit declaration of function 'exit' [-Wimplicit-function-declaration]
Finished building: ../src/lab3.c
../src/lab3.c:285:2: warning: incompatible implicit declaration of built-in function 'exit' [enabled by default]
 
Building target: TestApp.elf
Invoking: MicroBlaze gcc linker
mb-gcc -Wl,-T -Wl,../src/lscript.ld -L../../TestApp_bsp/microblaze_0/lib -mxl-barrel-shift -mxl-pattern-compare -mcpu=v8.50.c -mno-xl-soft-mul -Wl,--no-relax -Wl,--gc-sections -o "TestApp.elf" ./src/lab3.o   -Wl,--start-group,-lxil,-lgcc,-lc,--end-group
Finished building target: TestApp.elf
 
Invoking: MicroBlaze Print Size
mb-size TestApp.elf  |tee "TestApp.elf.size"
   text	   data	    bss	    dec	    hex	filename
   6978	    292	    842	   8112	   1fb0	TestApp.elf
Finished building: TestApp.elf.size
 
Invoking: Xilinx ELF Check
elfcheck TestApp.elf -hw ../../lab3_hw_platform/system.xml -pe microblaze_0  |tee "TestApp.elf.elfcheck"
elfcheck
Xilinx EDK 14.7 Build EDK_P.20131013
Copyright (c) 1995-2012 Xilinx, Inc.  All rights reserved.

Command Line: elfcheck -hw ../../lab3_hw_platform/system.xml -pe microblaze_0
TestApp.elf 

ELF file	: TestApp.elf
elfcheck passed.
Finished building: TestApp.elf.elfcheck
 
