EN io_port NULL /home/leon/Documents/Code/sistemas-empotrados-S6/ISE/pb3-tarea3/io_port.vhd sub00/vhpl00 1706994629
AR todo behavioral /home/leon/Documents/Code/sistemas-empotrados-S6/ISE/pb3-tarea3/todo.vhf sub00/vhpl09 1707349162
EN input_port NULL /home/leon/Documents/Code/sistemas-empotrados-S6/ISE/pb3-tarea3/input_port.vhd sub00/vhpl02 1707349153
AR io_port behavioral /home/leon/Documents/Code/sistemas-empotrados-S6/ISE/pb3-tarea3/io_port.vhd sub00/vhpl01 1706994630
AR out_port behavioral /home/leon/Documents/Code/sistemas-empotrados-S6/ISE/pb3-tarea3/out_port.vhd sub00/vhpl05 1707349156
EN out_port NULL /home/leon/Documents/Code/sistemas-empotrados-S6/ISE/pb3-tarea3/out_port.vhd sub00/vhpl04 1707349155
EN kcpsm3 NULL /home/leon/Documents/Code/sistemas-empotrados-S6/ISE/pb3-tarea3/kcpsm3.vhd sub00/vhpl06 1707349157
AR strataoff behavioral /home/leon/Documents/Code/sistemas-empotrados-S6/ISE/pb3-tarea3/strataoff.vhd sub00/vhpl11 1707349160
EN todo NULL /home/leon/Documents/Code/sistemas-empotrados-S6/ISE/pb3-tarea3/todo.vhf sub00/vhpl08 1707349161
EN strataoff NULL /home/leon/Documents/Code/sistemas-empotrados-S6/ISE/pb3-tarea3/strataoff.vhd sub00/vhpl10 1707349159
AR input_port behavioral /home/leon/Documents/Code/sistemas-empotrados-S6/ISE/pb3-tarea3/input_port.vhd sub00/vhpl03 1707349154
AR kcpsm3 low_level_definition /home/leon/Documents/Code/sistemas-empotrados-S6/ISE/pb3-tarea3/kcpsm3.vhd sub00/vhpl07 1707349158
