EN io_port NULL /home/leon/Documents/Code/sistemas-empotrados-S6/ISE/pb3-tarea3/io_port.vhd sub00/vhpl00 1706994629
AR todo behavioral C:/Users/JPablo17/Documents/GitHub/sistemas-empotrados-S6/ISE/pb3-tarea3/todo.vhf sub00/vhpl09 1707447291
EN program NULL C:/Users/JPablo17/Documents/GitHub/sistemas-empotrados-S6/ISE/pb3-tarea3/program.vhdl sub00/vhpl13 1707447288
EN input_port NULL C:/Users/JPablo17/Documents/GitHub/sistemas-empotrados-S6/ISE/pb3-tarea3/input_port.vhd sub00/vhpl02 1707447279
AR io_port behavioral /home/leon/Documents/Code/sistemas-empotrados-S6/ISE/pb3-tarea3/io_port.vhd sub00/vhpl01 1706994630
AR out_port behavioral C:/Users/JPablo17/Documents/GitHub/sistemas-empotrados-S6/ISE/pb3-tarea3/out_port.vhd sub00/vhpl05 1707447282
EN out_port NULL C:/Users/JPablo17/Documents/GitHub/sistemas-empotrados-S6/ISE/pb3-tarea3/out_port.vhd sub00/vhpl04 1707447281
PH program_pkg NULL C:/Users/JPablo17/Documents/GitHub/sistemas-empotrados-S6/ISE/pb3-tarea3/program.vhdl sub00/vhpl12 1707447287
EN kcpsm3 NULL C:/Users/JPablo17/Documents/GitHub/sistemas-empotrados-S6/ISE/pb3-tarea3/kcpsm3.vhd sub00/vhpl06 1707447283
AR strataoff behavioral C:/Users/JPablo17/Documents/GitHub/sistemas-empotrados-S6/ISE/pb3-tarea3/strataoff.vhd sub00/vhpl11 1707447286
EN todo NULL C:/Users/JPablo17/Documents/GitHub/sistemas-empotrados-S6/ISE/pb3-tarea3/todo.vhf sub00/vhpl08 1707447290
EN strataoff NULL C:/Users/JPablo17/Documents/GitHub/sistemas-empotrados-S6/ISE/pb3-tarea3/strataoff.vhd sub00/vhpl10 1707447285
AR input_port behavioral C:/Users/JPablo17/Documents/GitHub/sistemas-empotrados-S6/ISE/pb3-tarea3/input_port.vhd sub00/vhpl03 1707447280
AR program structure C:/Users/JPablo17/Documents/GitHub/sistemas-empotrados-S6/ISE/pb3-tarea3/program.vhdl sub00/vhpl14 1707447289
AR kcpsm3 low_level_definition C:/Users/JPablo17/Documents/GitHub/sistemas-empotrados-S6/ISE/pb3-tarea3/kcpsm3.vhd sub00/vhpl07 1707447284
