EN io_port NULL C:/Users/JPablo17/Documents/GitHub/sistemas-empotrados-S6/ISE/pb3-tarea3/io_port.vhd sub00/vhpl00 1707486742
AR todo behavioral C:/Users/JPablo17/Documents/GitHub/sistemas-empotrados-S6/ISE/pb3-tarea3/todo.vhf sub00/vhpl09 1707486745
EN program NULL C:/Users/JPablo17/Documents/GitHub/sistemas-empotrados-S6/ISE/pb3-tarea3/program.vhdl sub00/vhpl13 1707486740
EN input_port NULL C:/Users/JPablo17/Documents/GitHub/sistemas-empotrados-S6/ISE/pb3-tarea3/input_port.vhd sub00/vhpl02 1707486733
AR io_port behavioral C:/Users/JPablo17/Documents/GitHub/sistemas-empotrados-S6/ISE/pb3-tarea3/io_port.vhd sub00/vhpl01 1707486743
AR out_port behavioral C:/Users/JPablo17/Documents/GitHub/sistemas-empotrados-S6/ISE/pb3-tarea3/out_port.vhd sub00/vhpl05 1707485985
EN out_port NULL C:/Users/JPablo17/Documents/GitHub/sistemas-empotrados-S6/ISE/pb3-tarea3/out_port.vhd sub00/vhpl04 1707485984
PH program_pkg NULL C:/Users/JPablo17/Documents/GitHub/sistemas-empotrados-S6/ISE/pb3-tarea3/program.vhdl sub00/vhpl12 1707486739
EN kcpsm3 NULL C:/Users/JPablo17/Documents/GitHub/sistemas-empotrados-S6/ISE/pb3-tarea3/kcpsm3.vhd sub00/vhpl06 1707486735
AR strataoff behavioral C:/Users/JPablo17/Documents/GitHub/sistemas-empotrados-S6/ISE/pb3-tarea3/strataoff.vhd sub00/vhpl11 1707486738
EN todo NULL C:/Users/JPablo17/Documents/GitHub/sistemas-empotrados-S6/ISE/pb3-tarea3/todo.vhf sub00/vhpl08 1707486744
EN strataoff NULL C:/Users/JPablo17/Documents/GitHub/sistemas-empotrados-S6/ISE/pb3-tarea3/strataoff.vhd sub00/vhpl10 1707486737
AR input_port behavioral C:/Users/JPablo17/Documents/GitHub/sistemas-empotrados-S6/ISE/pb3-tarea3/input_port.vhd sub00/vhpl03 1707486734
AR program structure C:/Users/JPablo17/Documents/GitHub/sistemas-empotrados-S6/ISE/pb3-tarea3/program.vhdl sub00/vhpl14 1707486741
AR kcpsm3 low_level_definition C:/Users/JPablo17/Documents/GitHub/sistemas-empotrados-S6/ISE/pb3-tarea3/kcpsm3.vhd sub00/vhpl07 1707486736
