EN io_port NULL /home/leon/Documents/Code/sistemas-empotrados-S6/ISE/pb3_tarea2/io_port.vhd sub00/vhpl04 1706387929
AR todo behavioral /home/leon/Documents/Code/sistemas-empotrados-S6/ISE/pb3_tarea2/todo.vhf sub00/vhpl07 1706387935
EN program NULL /home/leon/Documents/Code/sistemas-empotrados-S6/ISE/pb3_tarea2/program.vhdl sub00/vhpl11 1706387932
AR io_port behavioral /home/leon/Documents/Code/sistemas-empotrados-S6/ISE/pb3_tarea2/io_port.vhd sub00/vhpl05 1706387930
PH program_pkg NULL /home/leon/Documents/Code/sistemas-empotrados-S6/ISE/pb3_tarea2/program.vhdl sub00/vhpl10 1706387931
EN kcpsm3 NULL /home/leon/Documents/Code/sistemas-empotrados-S6/ISE/pb3_tarea2/kcpsm3.vhd sub00/vhpl00 1706387927
EN todo NULL /home/leon/Documents/Code/sistemas-empotrados-S6/ISE/pb3_tarea2/todo.vhf sub00/vhpl06 1706387934
EN io_porto NULL /home/leon/Documents/ISE/pb3_ejemplo/io_porto.vhd sub00/vhpl08 1706109877
EN patito NULL /home/leon/Documents/ISE/pb3_ejemplo/tecpinino.vhd sub00/vhpl02 1706109873
AR program structure /home/leon/Documents/Code/sistemas-empotrados-S6/ISE/pb3_tarea2/program.vhdl sub00/vhpl12 1706387933
AR kcpsm3 low_level_definition /home/leon/Documents/Code/sistemas-empotrados-S6/ISE/pb3_tarea2/kcpsm3.vhd sub00/vhpl01 1706387928
AR patito low_level_definition /home/leon/Documents/ISE/pb3_ejemplo/tecpinino.vhd sub00/vhpl03 1706109874
AR io_porto behavioral /home/leon/Documents/ISE/pb3_ejemplo/io_porto.vhd sub00/vhpl09 1706109878
