EN io_port NULL /home/leon/Documents/Code/sistemas-empotrados-S6/ISE/pb3_ejemplo/io_port.vhd sub00/vhpl04 1706535675
AR todo behavioral /home/leon/Documents/Code/sistemas-empotrados-S6/ISE/pb3_ejemplo/todo.vhf sub00/vhpl07 1706535680
AR io_port behavioral /home/leon/Documents/Code/sistemas-empotrados-S6/ISE/pb3_ejemplo/io_port.vhd sub00/vhpl05 1706535676
EN kcpsm3 NULL /home/leon/Documents/Code/sistemas-empotrados-S6/ISE/pb3_ejemplo/kcpsm3.vhd sub00/vhpl00 1706535671
EN todo NULL /home/leon/Documents/Code/sistemas-empotrados-S6/ISE/pb3_ejemplo/todo.vhf sub00/vhpl06 1706535679
EN io_porto NULL /home/leon/Documents/Code/sistemas-empotrados-S6/ISE/pb3_ejemplo/io_porto.vhd sub00/vhpl08 1706535677
EN patito NULL /home/leon/Documents/Code/sistemas-empotrados-S6/ISE/pb3_ejemplo/tecpinino.vhd sub00/vhpl02 1706535673
AR kcpsm3 low_level_definition /home/leon/Documents/Code/sistemas-empotrados-S6/ISE/pb3_ejemplo/kcpsm3.vhd sub00/vhpl01 1706535672
AR patito low_level_definition /home/leon/Documents/Code/sistemas-empotrados-S6/ISE/pb3_ejemplo/tecpinino.vhd sub00/vhpl03 1706535674
AR io_porto behavioral /home/leon/Documents/Code/sistemas-empotrados-S6/ISE/pb3_ejemplo/io_porto.vhd sub00/vhpl09 1706535678
